// Jest Snapshot v1, https://goo.gl/fbAQLP

exports[`<Background /> should match its empty snapshot 1`] = `
<div
  className="sc-bdVaJa dqUYqv"
/>
`;
