// Jest Snapshot v1, https://goo.gl/fbAQLP

exports[`<Circle /> should match its empty snapshot 1`] = `
<div
  className="sc-bdVaJa OprAx"
/>
`;
