// Jest Snapshot v1, https://goo.gl/fbAQLP

exports[`<Form /> should match its empty snapshot 1`] = `
<form
  className="sc-bdVaJa kVRThe"
/>
`;
