// Jest Snapshot v1, https://goo.gl/fbAQLP

exports[`<Image /> should match its empty snapshot 1`] = `
<img
  className="sc-bdVaJa gJeTxd"
/>
`;
