// Jest Snapshot v1, https://goo.gl/fbAQLP

exports[`<ListContainer /> should match its empty snapshot 1`] = `
<ul
  className="sc-bdVaJa beoWEL"
/>
`;
