// Jest Snapshot v1, https://goo.gl/fbAQLP

exports[`<SearchListItem /> should match its "bullets" snapshot 1`] = `
<li
  className="sc-bdVaJa kBNohT"
/>
`;

exports[`<SearchListItem /> should match its empty snapshot 1`] = `
<li
  className="sc-bdVaJa ivmTcs"
/>
`;
