// Jest Snapshot v1, https://goo.gl/fbAQLP

exports[`<RefineListSection /> should match its empty snapshot 1`] = `
<div
  className="sc-bdVaJa jfMYRl"
/>
`;
