// Jest Snapshot v1, https://goo.gl/fbAQLP

exports[`<VerticalItemSpacer /> should match its empty snapshot 1`] = `
<div
  className="sc-bdVaJa lkyiYB"
/>
`;

exports[`<VerticalItemSpacer /> should match its snapshot when passed a "space" prop 1`] = `
<div
  className="sc-bdVaJa lkyiYB"
/>
`;
